
     Program DOS v.7.5 starts on  9Aug2026 at  6:48:59 

     This program is part of the open-source Quantum ESPRESSO suite
     for quantum simulation of materials; please cite
         "P. Giannozzi et al., J. Phys.:Condens. Matter 21 395502 (2009);
         "P. Giannozzi et al., J. Phys.:Condens. Matter 29 465901 (2017);
         "P. Giannozzi et al., J. Chem. Phys. 152 154105 (2020);
          URL http://www.quantum-espresso.org", 
     in publications or presentations arising from this work. More details at
     http://www.quantum-espresso.org/quote

     Parallel version (MPI & OpenMP), running on      12 processor cores
     Number of MPI processes:                 1
     Threads/MPI process:                    12

     MPI processes distributed on     1 nodes
     1679 MiB available memory on the printing compute node when the environment starts


     Reading xml data from directory:

     ./out/FeTe2_r.save/
     file Fe.paw.pbe.z_16.ld1.psl.v0.2.1.upf: wavefunction(s)  3D renormalized
     file Te.us.pbe.z_6.ld1.psl.v1.0.0-low.upf: wavefunction(s)  5S renormalized

     IMPORTANT: XC functional enforced from input :
     Exchange-correlation= PBE
                           (   1   4   3   4   0   0   0)
     Any further DFT definition will be discarded
     Please, verify this is what you really want


     G-vector sticks info
     --------------------
     sticks:   dense  smooth     PW     G-vecs:    dense   smooth      PW
     Sum        7317    2399    695               319777    59955    9271

     Using Slab Decomposition


     Check: negative core charge=   -0.000002

     Tetrahedra used


     DOS          :   2m41.85s CPU     15.73s WALL


   This run was terminated on:   6:49:15   9Aug2026            

=------------------------------------------------------------------------------=
   JOB DONE.
=------------------------------------------------------------------------------=
Note: The following floating-point exceptions are signalling: IEEE_DENORMAL
